LINE ADDR CONTENTS SOURCE LINE
  1.              	.equ @,$000	; main program
  2.              	.equ stack, $E00
  3.              
  4.  000 022E00  	lds stack
  5.  001 030000  	ldf#	0
  6.              
  7.  002 080008  	psh# string
  8.  003 080011  	psh#	string_len
  9.  004 08000E  	psh#	conv_string
 10.              
 11.  005 412020  	jsr	swapcase
 12.  006 120002  	ads#	2
 13.  007 FFFFFF  	hlt
 14.              
 15.  008 686F57  string:	.char 'hoW Many Cookies?', string_len
      009 204D61
      00A 6E7920
      00B 436F6F
      00C 6B6965
      00D 733F20
 16.  00E FFFFFFFFFFFFFFFF  conv_string:	.blkw string_len
 17.              
 18.              
 19.              	.equ @, $020
 20.              	.equ output, 2
 21.              	.equ len, 3
 22.              	.equ input, 4
 23.              	
 24.  020 680000  swapcase:	bgn#	0
 25.  021 010000  	ldx#	0
 26.              
 27.  022 507004  loop:	ldc*	! input
 28.  023 200061  	cma# 'a'
 29.  024 4B2035  	jge upper
 30.  025 30007A  	and# 'z'
 31.  026 4C2035  	jle upper
 32.              
 33.  027 200020  	cma#	' '
 34.  028 48202D  	jeq next
 35.              	
 36.  029 200041  	cma#	'A'
 37.  02A 4B2033  	jge lower
 38.  02B 30005A  	and#	'Z'
 39.  02C 4C2033  	jle lower
 40.              	
 41.              
 42.  02D 517002  next:	stc* ! output
 43.  02E 110001  	adx#	1
 44.  02F 213003  	cmx ! len
 45.              	
 46.  030 4A2022  	jlt loop
 47.  031 690000  	fin#	0
 48.  032 FFF040  	rtn
 49.              
 50.  033 100025  lower:	ada#	37
 51.  034 40202D  	jmp next
 52.              	
 53.  035 140020  upper:	sba#	'a' - 'A'
 54.  036 40202D  	jmp next	

                     SYMBOL TABLE CONTENTS

00000E = CONV_STRING     000004 = INPUT           000003 = LEN             
000022 = LOOP            000033 = LOWER           00002D = NEXT            
000002 = OUTPUT          000E00 = STACK           000008 = STRING          
000011 = STRING_LEN      000020 = SWAPCASE        000035 = UPPER           
