LINE ADDR CONTENTS SOURCE LINE
  1.              	.equ zero,0
  2.              	.equ n_one,-1
  3.              	.equ m, $100
  4.              	.equ n, $101
  5.              	.equ result, $102
  6.              
  7.  000 002101  	lda n ; load n into ACC 
  8.  001 202000  	cma zero ; compare n to zeros , i.e product == 0
  9.  002 4D2011  	jgt result0
 10.  003 002100  	lda m	; load m into ACC 
 11.  004 202000  	cma zero
 12.  005 4D2011  	jgt result0
 13.              	
 14.  006 002012  loop:	lda counter ; load result in for the multiplication process
 15.  007 202101  	cma	n
 16.  008 4D200F  	jgt end
 17.  009 100001  	ada# $001 ; add one to counter
 18.  00A 042012  	sta counter 
 19.  00B 002102  	lda result
 20.  00C 102100  	ada m
 21.  00D 042102  	sta result ; store product so far in result
 22.  00E 402006  	jmp loop
 23.  00F FFFFFF  end:	hlt
 24.              
 25.              ;; have to reset all variables make sure 
 26.  010 FFF020  negate:	NEGA
 27.  011 042102  result0:	sta result ; Store product == 0 into result if n/m == 0
 28.  012 000001  counter:	.word $001	
 29.              

                     SYMBOL TABLE CONTENTS

000012 = COUNTER         00000F = END             000006 = LOOP            
000100 = M               000101 = N               000010 = NEGATE          
FFFFFF = N_ONE           000102 = RESULT          000011 = RESULT0         
000000 = ZERO            